// Jest Snapshot v1, https://goo.gl/fbAQLP

exports[`renders 1`] = `
<DocumentFragment>
  <div
    class="loader flex flex-c"
  >
    <img
      alt="loader"
      src="loader.svg"
    />
  </div>
</DocumentFragment>
`;
